// Vitest Snapshot v1, https://vitest.dev/guide/snapshot.html

exports[`Screen shake 1`] = `
[
  {
    "angle": -3.465103646672414,
    "offsetX": -10.395310940017241,
    "offsetY": -10.395310940017241,
  },
  {
    "angle": 4.228331174001096,
    "offsetX": 12.684993522003289,
    "offsetY": 12.684993522003289,
  },
  {
    "angle": -2.1682018827495155,
    "offsetX": -6.504605648248547,
    "offsetY": -6.504605648248547,
  },
  {
    "angle": -0.9398338847766816,
    "offsetX": -2.819501654330045,
    "offsetY": -2.819501654330045,
  },
]
`;
